// Jest Snapshot v1, https://goo.gl/fbAQLP

exports[`LineChartDisplay matches snapshot 1`] = `
.c0 {
  -webkit-align-items: stretch;
  -webkit-box-align: stretch;
  -ms-flex-align: stretch;
  align-items: stretch;
  background-color: transparent;
  border: 1px solid transparent;
  display: -webkit-box;
  display: -webkit-flex;
  display: -ms-flexbox;
  display: flex;
  -webkit-flex: 1 1 100%;
  -ms-flex: 1 1 100%;
  flex: 1 1 100%;
  -webkit-flex-direction: column;
  -ms-flex-direction: column;
  flex-direction: column;
  height: 100%;
  width: 100%;
}

.c0:focus {
  outline: none;
}

<div
  className="c0"
  tabIndex={0}
/>
`;
