// Jest Snapshot v1, https://goo.gl/fbAQLP

exports[`<TableLineItem/> matches snapshot 1`] = `
.c0 {
  -webkit-align-items: center;
  -webkit-box-align: center;
  -ms-flex-align: center;
  align-items: center;
  background-color: rgb(255,255,255);
  box-shadow: inset 0 -1px hsl(0,0%,92%);
  display: -webkit-box;
  display: -webkit-flex;
  display: -ms-flexbox;
  display: flex;
  -webkit-flex-wrap: wrap;
  -ms-flex-wrap: wrap;
  flex-wrap: wrap;
  min-height: 36px;
  width: 100%;
  cursor: pointer;
}

.c0:hover {
  background-color: hsl(0,0%,98%);
}

.c0:focus {
  outline: -webkit-focus-ring-color auto 5px;
}

.c0:focus:active:hover {
  outline: 0;
}

.c0 > * {
  padding-right: 16px;
  padding-top: 7px;
  padding-bottom: 7px;
  overflow: hidden;
  text-overflow: ellipsis;
  white-space: nowrap;
}

.c0 > *:first-child {
  padding-left: 16px;
}

.c6 {
  -webkit-flex: 1 1 12%;
  -ms-flex: 1 1 12%;
  flex: 1 1 12%;
  text-align: left;
}

.c7 {
  color: hsl(0,100%,42.5%);
  -webkit-flex: 1 1 12%;
  -ms-flex: 1 1 12%;
  flex: 1 1 12%;
  text-align: left;
}

.c1 {
  -webkit-flex: 1 1 12%;
  -ms-flex: 1 1 12%;
  flex: 1 1 12%;
  text-align: left;
  -webkit-flex: 1 1 20%;
  -ms-flex: 1 1 20%;
  flex: 1 1 20%;
  position: relative;
}

.c5 {
  -webkit-flex: 1 1 12%;
  -ms-flex: 1 1 12%;
  flex: 1 1 12%;
  text-align: left;
  padding-top: 4px;
  padding-bottom: 4px;
}

.c5 svg {
  height: 24px;
}

.c3 {
  background-color: rgb(230,230,230);
  border-radius: 1px 4px 4px 1px;
  bottom: 0;
  height: 3px;
  left: 0;
  position: absolute;
  right: 16px;
}

.c4 {
  background-color: currentColor;
  border-radius: inherit;
  bottom: 0;
  color: rgb(32,154,38);
  left: 0;
  min-width: 2px;
  position: absolute;
  top: 0;
  width: 20%;
}

.c2 {
  display: -webkit-box;
  display: -webkit-flex;
  display: -ms-flexbox;
  display: flex;
}

.c2 > div {
  margin-top: 5px;
  white-space: nowrap;
  overflow: hidden;
  text-overflow: ellipsis;
  min-width: 0;
}

<li
  className="c0"
  onClick={[Function]}
  onKeyDown={[Function]}
  role="link"
  tabIndex={0}
>
  <div
    className="c1"
  >
    <div
      className="c2"
    >
      <div>
        CatalogStream
      </div>
    </div>
    <div
      className="c3"
    >
      <div
        className="c4"
        width={20}
      />
    </div>
  </div>
  <div
    className="c5"
  >
    <svg
      preserveAspectRatio="xMaxYMin"
      style={undefined}
      viewBox="0 0 240 32"
    >
      <g>
        <circle
          cx={2}
          cy={29.999999999999996}
          onClick={[Function]}
          onMouseEnter={[Function]}
          r={2}
          style={
            Object {
              "fill": "none",
              "fillOpacity": ".1",
              "pointerEvents": "auto",
              "stroke": "currentColor",
              "strokeWidth": "0",
            }
          }
        />
        <circle
          cx={80.66666666666667}
          cy={29.442675159235666}
          onClick={[Function]}
          onMouseEnter={[Function]}
          r={2}
          style={
            Object {
              "fill": "none",
              "fillOpacity": ".1",
              "pointerEvents": "auto",
              "stroke": "currentColor",
              "strokeWidth": "0",
            }
          }
        />
        <circle
          cx={159.33333333333334}
          cy={20.4140127388535}
          onClick={[Function]}
          onMouseEnter={[Function]}
          r={2}
          style={
            Object {
              "fill": "none",
              "fillOpacity": ".1",
              "pointerEvents": "auto",
              "stroke": "currentColor",
              "strokeWidth": "0",
            }
          }
        />
        <circle
          cx={238}
          cy={2}
          onClick={[Function]}
          onMouseEnter={[Function]}
          r={2}
          style={
            Object {
              "fill": "none",
              "fillOpacity": ".1",
              "pointerEvents": "auto",
              "stroke": "currentColor",
              "strokeWidth": "0",
            }
          }
        />
        <polyline
          points="2 29.999999999999996 80.66666666666667 29.442675159235666 159.33333333333334 20.4140127388535 238 2 238 30 2 30 2 29.999999999999996"
          style={
            Object {
              "fill": "none",
              "fillOpacity": ".1",
              "pointerEvents": "auto",
              "stroke": "currentColor",
              "strokeWidth": "0",
            }
          }
        />
        <polyline
          points="2 29.999999999999996 80.66666666666667 29.442675159235666 159.33333333333334 20.4140127388535 238 2"
          style={
            Object {
              "fill": "none",
              "stroke": "currentColor",
              "strokeLinecap": "round",
              "strokeLinejoin": "round",
              "strokeWidth": 1,
            }
          }
        />
      </g>
      <line
        style={
          Object {
            "opacity": "0.4",
            "stroke": "grey",
          }
        }
        x1={2}
        x2={238}
        y1={22.46417197452229}
        y2={22.46417197452229}
      />
    </svg>
  </div>
  <div
    className="c6"
    style={
      Object {
        "textAlign": "right",
      }
    }
  >
    14,333
  </div>
  <div
    className="c7"
    style={
      Object {
        "textAlign": "right",
      }
    }
  >
    10.000
    %
  </div>
  <div
    className="c6"
    style={
      Object {
        "display": "flex",
        "flexDirection": "column",
        "textAlign": "right",
      }
    }
  >
    <div>
      445
      ms
    </div>
    <div>
      35
      ms
    </div>
  </div>
</li>
`;
