// Jest Snapshot v1, https://goo.gl/fbAQLP

exports[`Button Snapshots matches active snapshot 1`] = `
<Button
  active={true}
  clickAction={[Function]}
  label="Button"
/>
`;

exports[`Button Snapshots matches disabled snapshot 1`] = `
<Button
  clickAction={[Function]}
  disabled={true}
  label="Button"
/>
`;

exports[`Button Snapshots matches orientation snapshots 1`] = `
.c0 {
  box-sizing: border-box;
  -webkit-user-select: none;
  -moz-user-select: none;
  -ms-user-select: none;
  user-select: none;
  font-weight: 500;
  border-width: 1px;
  line-height: 1.4;
  border-style: solid;
  text-transform: none;
  text-align: center;
  display: -webkit-box;
  display: -webkit-flex;
  display: -ms-flexbox;
  display: flex;
  -webkit-box-pack: center;
  -webkit-justify-content: center;
  -ms-flex-pack: center;
  justify-content: center;
  -webkit-align-items: center;
  -webkit-box-align: center;
  -ms-flex-align: center;
  align-items: center;
  cursor: pointer;
  -webkit-transition: all 0.3s ease;
  transition: all 0.3s ease;
  background-color: rgb(255,255,255);
  border-color: hsl(0,0%,94%);
  border-top-color: hsl(0,0%,100%);
  border-bottom-color: hsl(0,0%,82%);
  color: rgb(0,0,0);
  font-size: 14px;
  border-radius: 3px;
  padding: 1.4px 4px;
  -webkit-flex-direction: column;
  -ms-flex-direction: column;
  flex-direction: column;
  padding-top: 4px;
}

.c0:hover {
  -webkit-transition: all 0.1s ease;
  transition: all 0.1s ease;
}

.c0:focus,
.c0:active {
  -webkit-transition: all 0 ease;
  transition: all 0 ease;
}

.c0 > * {
  -webkit-flex: 0 1 auto;
  -ms-flex: 0 1 auto;
  flex: 0 1 auto;
}

.c0:active {
  -webkit-transition-duration: 0s;
  transition-duration: 0s;
  background-color: hsl(0,0%,92.5%);
  border-color: hsl(0,0%,87%);
  border-top-color: hsl(0,0%,95.3%);
  border-bottom-color: hsl(0,0%,75.8%);
  color: hsl(0,0%,0%);
}

.c0:hover {
  background-color: hsl(0,0%,98.5%);
  border-color: hsl(0,0%,92.6%);
  border-top-color: hsl(0,0%,100%);
  border-bottom-color: hsl(0,0%,80.8%);
  color: hsl(0,0%,0%);
}

.c0:focus {
  z-index: 1;
}

.c0[disabled],
.c0[disabled]:hover,
.c0[disabled]:focus,
.c0[disabled]:active {
  cursor: default;
  opacity: 0.8;
  background-color: hsl(0,0%,94%);
  border-color: hsl(0,0%,94%);
  color: hsl(0,0%,0%);
}

.c0 > svg {
  width: 24px;
  height: 24px;
}

.c0 > :not(:first-child) {
  margin-top: 0.25px;
}

<button
  class="c0"
  orientation="vertical"
  title="vertical"
>
  <span>
    vertical
  </span>
</button>
`;

exports[`Button Snapshots matches orientation snapshots 2`] = `
.c0 {
  box-sizing: border-box;
  -webkit-user-select: none;
  -moz-user-select: none;
  -ms-user-select: none;
  user-select: none;
  font-weight: 500;
  border-width: 1px;
  line-height: 1.4;
  border-style: solid;
  text-transform: none;
  text-align: center;
  display: -webkit-box;
  display: -webkit-flex;
  display: -ms-flexbox;
  display: flex;
  -webkit-box-pack: center;
  -webkit-justify-content: center;
  -ms-flex-pack: center;
  justify-content: center;
  -webkit-align-items: center;
  -webkit-box-align: center;
  -ms-flex-align: center;
  align-items: center;
  cursor: pointer;
  -webkit-transition: all 0.3s ease;
  transition: all 0.3s ease;
  background-color: rgb(255,255,255);
  border-color: hsl(0,0%,94%);
  border-top-color: hsl(0,0%,100%);
  border-bottom-color: hsl(0,0%,82%);
  color: rgb(0,0,0);
  font-size: 14px;
  border-radius: 3px;
  padding: 1.4px 4px;
  -webkit-flex-direction: row;
  -ms-flex-direction: row;
  flex-direction: row;
}

.c0:hover {
  -webkit-transition: all 0.1s ease;
  transition: all 0.1s ease;
}

.c0:focus,
.c0:active {
  -webkit-transition: all 0 ease;
  transition: all 0 ease;
}

.c0 > * {
  -webkit-flex: 0 1 auto;
  -ms-flex: 0 1 auto;
  flex: 0 1 auto;
}

.c0:active {
  -webkit-transition-duration: 0s;
  transition-duration: 0s;
  background-color: hsl(0,0%,92.5%);
  border-color: hsl(0,0%,87%);
  border-top-color: hsl(0,0%,95.3%);
  border-bottom-color: hsl(0,0%,75.8%);
  color: hsl(0,0%,0%);
}

.c0:hover {
  background-color: hsl(0,0%,98.5%);
  border-color: hsl(0,0%,92.6%);
  border-top-color: hsl(0,0%,100%);
  border-bottom-color: hsl(0,0%,80.8%);
  color: hsl(0,0%,0%);
}

.c0:focus {
  z-index: 1;
}

.c0[disabled],
.c0[disabled]:hover,
.c0[disabled]:focus,
.c0[disabled]:active {
  cursor: default;
  opacity: 0.8;
  background-color: hsl(0,0%,94%);
  border-color: hsl(0,0%,94%);
  color: hsl(0,0%,0%);
}

.c0 > svg {
  width: 24px;
  height: 24px;
}

.c0 > :not(:first-child) {
  margin-left: 4px;
  -webkit-flex-basis: auto;
  -ms-flex-basis: auto;
  flex-basis: auto;
}

<button
  class="c0"
  orientation="horizontal"
  title="horizontal"
>
  <span>
    horizontal
  </span>
</button>
`;

exports[`Button Snapshots matches outline snapshots 1`] = `
.c0 {
  box-sizing: border-box;
  -webkit-user-select: none;
  -moz-user-select: none;
  -ms-user-select: none;
  user-select: none;
  font-weight: 500;
  border-width: 1px;
  line-height: 1.4;
  border-style: solid;
  text-transform: none;
  text-align: center;
  display: -webkit-box;
  display: -webkit-flex;
  display: -ms-flexbox;
  display: flex;
  -webkit-box-pack: center;
  -webkit-justify-content: center;
  -ms-flex-pack: center;
  justify-content: center;
  -webkit-align-items: center;
  -webkit-box-align: center;
  -ms-flex-align: center;
  align-items: center;
  cursor: pointer;
  -webkit-transition: all 0.3s ease;
  transition: all 0.3s ease;
  background-color: rgb(255,255,255);
  border-color: rgb(255,255,255);
  border-top-color: hsl(0,0%,100%);
  border-bottom-color: hsl(0,0%,94%);
  color: rgb(0,0,0);
  font-size: 14px;
  border-radius: 3px;
  padding: 1.4px 4px;
  -webkit-flex-direction: row;
  -ms-flex-direction: row;
  flex-direction: row;
}

.c0:hover {
  -webkit-transition: all 0.1s ease;
  transition: all 0.1s ease;
}

.c0:focus,
.c0:active {
  -webkit-transition: all 0 ease;
  transition: all 0 ease;
}

.c0 > * {
  -webkit-flex: 0 1 auto;
  -ms-flex: 0 1 auto;
  flex: 0 1 auto;
}

.c0:active {
  -webkit-transition-duration: 0s;
  transition-duration: 0s;
  background-color: hsl(0,0%,92.5%);
  border-color: hsl(0,0%,92.5%);
  border-top-color: hsl(0,0%,98%);
  border-bottom-color: hsl(0,0%,87%);
  color: hsl(0,0%,0%);
}

.c0:hover {
  background-color: hsl(0,0%,98.5%);
  border-color: hsl(0,0%,98.5%);
  border-top-color: hsl(0,0%,100%);
  border-bottom-color: hsl(0,0%,92.6%);
  color: hsl(0,0%,0%);
}

.c0:focus {
  z-index: 1;
}

.c0[disabled],
.c0[disabled]:hover,
.c0[disabled]:focus,
.c0[disabled]:active {
  cursor: default;
  opacity: 0.8;
  background-color: hsl(0,0%,94%);
  border-color: hsl(0,0%,94%);
  color: hsl(0,0%,0%);
}

.c0 > svg {
  width: 24px;
  height: 24px;
}

.c0 > :not(:first-child) {
  margin-left: 4px;
  -webkit-flex-basis: auto;
  -ms-flex-basis: auto;
  flex-basis: auto;
}

<button
  class="c0"
  title="raised"
>
  <span>
    raised
  </span>
</button>
`;

exports[`Button Snapshots matches outline snapshots 2`] = `
.c0 {
  box-sizing: border-box;
  -webkit-user-select: none;
  -moz-user-select: none;
  -ms-user-select: none;
  user-select: none;
  font-weight: 500;
  border-width: 1px;
  line-height: 1.4;
  border-style: solid;
  text-transform: none;
  text-align: center;
  display: -webkit-box;
  display: -webkit-flex;
  display: -ms-flexbox;
  display: flex;
  -webkit-box-pack: center;
  -webkit-justify-content: center;
  -ms-flex-pack: center;
  justify-content: center;
  -webkit-align-items: center;
  -webkit-box-align: center;
  -ms-flex-align: center;
  align-items: center;
  cursor: pointer;
  -webkit-transition: all 0.3s ease;
  transition: all 0.3s ease;
  background-color: rgb(255,255,255);
  border-color: hsl(0,0%,94%);
  color: rgb(0,0,0);
  font-size: 14px;
  border-radius: 3px;
  padding: 1.4px 4px;
  -webkit-flex-direction: row;
  -ms-flex-direction: row;
  flex-direction: row;
}

.c0:hover {
  -webkit-transition: all 0.1s ease;
  transition: all 0.1s ease;
}

.c0:focus,
.c0:active {
  -webkit-transition: all 0 ease;
  transition: all 0 ease;
}

.c0 > * {
  -webkit-flex: 0 1 auto;
  -ms-flex: 0 1 auto;
  flex: 0 1 auto;
}

.c0:active {
  -webkit-transition-duration: 0s;
  transition-duration: 0s;
  background-color: hsl(0,0%,92.5%);
  border-color: hsl(0,0%,87%);
  color: hsl(0,0%,0%);
}

.c0:hover {
  background-color: hsl(0,0%,98.5%);
  border-color: hsl(0,0%,92.6%);
  color: hsl(0,0%,0%);
}

.c0:focus {
  z-index: 1;
}

.c0[disabled],
.c0[disabled]:hover,
.c0[disabled]:focus,
.c0[disabled]:active {
  cursor: default;
  opacity: 0.8;
  background-color: hsl(0,0%,94%);
  border-color: hsl(0,0%,94%);
  color: hsl(0,0%,0%);
}

.c0 > svg {
  width: 24px;
  height: 24px;
}

.c0 > :not(:first-child) {
  margin-left: 4px;
  -webkit-flex-basis: auto;
  -ms-flex-basis: auto;
  flex-basis: auto;
}

<button
  class="c0"
  title="outline"
>
  <span>
    outline
  </span>
</button>
`;

exports[`Button Snapshots matches outline snapshots 3`] = `
.c0 {
  box-sizing: border-box;
  -webkit-user-select: none;
  -moz-user-select: none;
  -ms-user-select: none;
  user-select: none;
  font-weight: 500;
  border-width: 1px;
  line-height: 1.4;
  border-style: solid;
  text-transform: none;
  text-align: center;
  display: -webkit-box;
  display: -webkit-flex;
  display: -ms-flexbox;
  display: flex;
  -webkit-box-pack: center;
  -webkit-justify-content: center;
  -ms-flex-pack: center;
  justify-content: center;
  -webkit-align-items: center;
  -webkit-box-align: center;
  -ms-flex-align: center;
  align-items: center;
  cursor: pointer;
  -webkit-transition: all 0.3s ease;
  transition: all 0.3s ease;
  background-color: rgb(255,255,255);
  border-color: rgb(255,255,255);
  border-bottom-color: hsl(0,0%,94%);
  color: rgb(0,0,0);
  font-size: 14px;
  border-radius: 3px;
  padding: 1.4px 4px;
  -webkit-flex-direction: row;
  -ms-flex-direction: row;
  flex-direction: row;
}

.c0:hover {
  -webkit-transition: all 0.1s ease;
  transition: all 0.1s ease;
}

.c0:focus,
.c0:active {
  -webkit-transition: all 0 ease;
  transition: all 0 ease;
}

.c0 > * {
  -webkit-flex: 0 1 auto;
  -ms-flex: 0 1 auto;
  flex: 0 1 auto;
}

.c0:active {
  -webkit-transition-duration: 0s;
  transition-duration: 0s;
  background-color: hsl(0,0%,92.5%);
  border-color: hsl(0,0%,92.5%);
  border-bottom-color: hsl(0,0%,87%);
  color: hsl(0,0%,0%);
}

.c0:hover {
  background-color: hsl(0,0%,98.5%);
  border-color: hsl(0,0%,98.5%);
  border-bottom-color: hsl(0,0%,92.6%);
  color: hsl(0,0%,0%);
}

.c0:focus {
  z-index: 1;
}

.c0[disabled],
.c0[disabled]:hover,
.c0[disabled]:focus,
.c0[disabled]:active {
  cursor: default;
  opacity: 0.8;
  background-color: hsl(0,0%,94%);
  border-color: hsl(0,0%,94%);
  color: hsl(0,0%,0%);
}

.c0 > svg {
  width: 24px;
  height: 24px;
}

.c0 > :not(:first-child) {
  margin-left: 4px;
  -webkit-flex-basis: auto;
  -ms-flex-basis: auto;
  flex-basis: auto;
}

<button
  class="c0"
  title="shadow"
>
  <span>
    shadow
  </span>
</button>
`;

exports[`Button Snapshots matches outline snapshots 4`] = `
.c0 {
  box-sizing: border-box;
  -webkit-user-select: none;
  -moz-user-select: none;
  -ms-user-select: none;
  user-select: none;
  font-weight: 500;
  border-width: 1px;
  line-height: 1.4;
  border-style: solid;
  text-transform: none;
  text-align: center;
  display: -webkit-box;
  display: -webkit-flex;
  display: -ms-flexbox;
  display: flex;
  -webkit-box-pack: center;
  -webkit-justify-content: center;
  -ms-flex-pack: center;
  justify-content: center;
  -webkit-align-items: center;
  -webkit-box-align: center;
  -ms-flex-align: center;
  align-items: center;
  cursor: pointer;
  -webkit-transition: all 0.3s ease;
  transition: all 0.3s ease;
  background-color: rgb(255,255,255);
  border-color: rgb(255,255,255);
  color: rgb(0,0,0);
  font-size: 14px;
  border-radius: 3px;
  padding: 1.4px 4px;
  -webkit-flex-direction: row;
  -ms-flex-direction: row;
  flex-direction: row;
}

.c0:hover {
  -webkit-transition: all 0.1s ease;
  transition: all 0.1s ease;
}

.c0:focus,
.c0:active {
  -webkit-transition: all 0 ease;
  transition: all 0 ease;
}

.c0 > * {
  -webkit-flex: 0 1 auto;
  -ms-flex: 0 1 auto;
  flex: 0 1 auto;
}

.c0:active {
  -webkit-transition-duration: 0s;
  transition-duration: 0s;
  background-color: hsl(0,0%,92.5%);
  border-color: hsl(0,0%,92.5%);
  color: hsl(0,0%,0%);
}

.c0:hover {
  background-color: hsl(0,0%,98.5%);
  border-color: hsl(0,0%,98.5%);
  color: hsl(0,0%,0%);
}

.c0:focus {
  z-index: 1;
}

.c0[disabled],
.c0[disabled]:hover,
.c0[disabled]:focus,
.c0[disabled]:active {
  cursor: default;
  opacity: 0.8;
  background-color: hsl(0,0%,94%);
  border-color: hsl(0,0%,94%);
  color: hsl(0,0%,0%);
}

.c0 > svg {
  width: 24px;
  height: 24px;
}

.c0 > :not(:first-child) {
  margin-left: 4px;
  -webkit-flex-basis: auto;
  -ms-flex-basis: auto;
  flex-basis: auto;
}

<button
  class="c0"
  title="none"
>
  <span>
    none
  </span>
</button>
`;

exports[`Button Snapshots matches outline snapshots 5`] = `
.c0 {
  box-sizing: border-box;
  -webkit-user-select: none;
  -moz-user-select: none;
  -ms-user-select: none;
  user-select: none;
  font-weight: 500;
  border-width: 1px;
  line-height: 1.4;
  border-style: solid;
  text-transform: none;
  text-align: center;
  display: -webkit-box;
  display: -webkit-flex;
  display: -ms-flexbox;
  display: flex;
  -webkit-box-pack: center;
  -webkit-justify-content: center;
  -ms-flex-pack: center;
  justify-content: center;
  -webkit-align-items: center;
  -webkit-box-align: center;
  -ms-flex-align: center;
  align-items: center;
  cursor: pointer;
  -webkit-transition: all 0.3s ease;
  transition: all 0.3s ease;
  background-color: rgb(255,255,255);
  border-color: hsl(0,0%,94%);
  border-top-color: hsl(0,0%,100%);
  border-bottom-color: hsl(0,0%,82%);
  color: rgb(0,0,0);
  font-size: 14px;
  border-radius: 3px;
  padding: 1.4px 4px;
  -webkit-flex-direction: row;
  -ms-flex-direction: row;
  flex-direction: row;
}

.c0:hover {
  -webkit-transition: all 0.1s ease;
  transition: all 0.1s ease;
}

.c0:focus,
.c0:active {
  -webkit-transition: all 0 ease;
  transition: all 0 ease;
}

.c0 > * {
  -webkit-flex: 0 1 auto;
  -ms-flex: 0 1 auto;
  flex: 0 1 auto;
}

.c0:active {
  -webkit-transition-duration: 0s;
  transition-duration: 0s;
  background-color: hsl(0,0%,92.5%);
  border-color: hsl(0,0%,87%);
  border-top-color: hsl(0,0%,95.3%);
  border-bottom-color: hsl(0,0%,75.8%);
  color: hsl(0,0%,0%);
}

.c0:hover {
  background-color: hsl(0,0%,98.5%);
  border-color: hsl(0,0%,92.6%);
  border-top-color: hsl(0,0%,100%);
  border-bottom-color: hsl(0,0%,80.8%);
  color: hsl(0,0%,0%);
}

.c0:focus {
  z-index: 1;
}

.c0[disabled],
.c0[disabled]:hover,
.c0[disabled]:focus,
.c0[disabled]:active {
  cursor: default;
  opacity: 0.8;
  background-color: hsl(0,0%,94%);
  border-color: hsl(0,0%,94%);
  color: hsl(0,0%,0%);
}

.c0 > svg {
  width: 24px;
  height: 24px;
}

.c0 > :not(:first-child) {
  margin-left: 4px;
  -webkit-flex-basis: auto;
  -ms-flex-basis: auto;
  flex-basis: auto;
}

<button
  class="c0"
  title="raised-outline"
>
  <span>
    raised-outline
  </span>
</button>
`;

exports[`Button Snapshots matches prefix/suffix snapshot 1`] = `
<Button
  clickAction={[Function]}
  label="Button"
  prefix="Prefix"
  suffix="Suffix"
/>
`;

exports[`Button Snapshots matches size snapshots 1`] = `
.c0 {
  box-sizing: border-box;
  -webkit-user-select: none;
  -moz-user-select: none;
  -ms-user-select: none;
  user-select: none;
  font-weight: 500;
  border-width: 1px;
  line-height: 1.4;
  border-style: solid;
  text-transform: none;
  text-align: center;
  display: -webkit-box;
  display: -webkit-flex;
  display: -ms-flexbox;
  display: flex;
  -webkit-box-pack: center;
  -webkit-justify-content: center;
  -ms-flex-pack: center;
  justify-content: center;
  -webkit-align-items: center;
  -webkit-box-align: center;
  -ms-flex-align: center;
  align-items: center;
  cursor: pointer;
  -webkit-transition: all 0.3s ease;
  transition: all 0.3s ease;
  background-color: rgb(255,255,255);
  border-color: hsl(0,0%,94%);
  border-top-color: hsl(0,0%,100%);
  border-bottom-color: hsl(0,0%,82%);
  color: rgb(0,0,0);
  font-size: 14px;
  border-radius: 3px;
  padding: 1.4px 4px;
  -webkit-flex-direction: row;
  -ms-flex-direction: row;
  flex-direction: row;
}

.c0:hover {
  -webkit-transition: all 0.1s ease;
  transition: all 0.1s ease;
}

.c0:focus,
.c0:active {
  -webkit-transition: all 0 ease;
  transition: all 0 ease;
}

.c0 > * {
  -webkit-flex: 0 1 auto;
  -ms-flex: 0 1 auto;
  flex: 0 1 auto;
}

.c0:active {
  -webkit-transition-duration: 0s;
  transition-duration: 0s;
  background-color: hsl(0,0%,92.5%);
  border-color: hsl(0,0%,87%);
  border-top-color: hsl(0,0%,95.3%);
  border-bottom-color: hsl(0,0%,75.8%);
  color: hsl(0,0%,0%);
}

.c0:hover {
  background-color: hsl(0,0%,98.5%);
  border-color: hsl(0,0%,92.6%);
  border-top-color: hsl(0,0%,100%);
  border-bottom-color: hsl(0,0%,80.8%);
  color: hsl(0,0%,0%);
}

.c0:focus {
  z-index: 1;
}

.c0[disabled],
.c0[disabled]:hover,
.c0[disabled]:focus,
.c0[disabled]:active {
  cursor: default;
  opacity: 0.8;
  background-color: hsl(0,0%,94%);
  border-color: hsl(0,0%,94%);
  color: hsl(0,0%,0%);
}

.c0 > svg {
  width: 24px;
  height: 24px;
}

.c0 > :not(:first-child) {
  margin-left: 4px;
  -webkit-flex-basis: auto;
  -ms-flex-basis: auto;
  flex-basis: auto;
}

<button
  class="c0"
  title="normal"
>
  <span>
    normal
  </span>
</button>
`;

exports[`Button Snapshots matches size snapshots 2`] = `
.c0 {
  box-sizing: border-box;
  -webkit-user-select: none;
  -moz-user-select: none;
  -ms-user-select: none;
  user-select: none;
  font-weight: 500;
  border-width: 1px;
  line-height: 1.4;
  border-style: solid;
  text-transform: none;
  text-align: center;
  display: -webkit-box;
  display: -webkit-flex;
  display: -ms-flexbox;
  display: flex;
  -webkit-box-pack: center;
  -webkit-justify-content: center;
  -ms-flex-pack: center;
  justify-content: center;
  -webkit-align-items: center;
  -webkit-box-align: center;
  -ms-flex-align: center;
  align-items: center;
  cursor: pointer;
  -webkit-transition: all 0.3s ease;
  transition: all 0.3s ease;
  background-color: rgb(255,255,255);
  border-color: hsl(0,0%,94%);
  border-top-color: hsl(0,0%,100%);
  border-bottom-color: hsl(0,0%,82%);
  color: rgb(0,0,0);
  font-size: 7px;
  border-radius: 3px;
  padding: 1px 4px;
  text-transform: uppercase;
  -webkit-flex-direction: row;
  -ms-flex-direction: row;
  flex-direction: row;
}

.c0:hover {
  -webkit-transition: all 0.1s ease;
  transition: all 0.1s ease;
}

.c0:focus,
.c0:active {
  -webkit-transition: all 0 ease;
  transition: all 0 ease;
}

.c0 > * {
  -webkit-flex: 0 1 auto;
  -ms-flex: 0 1 auto;
  flex: 0 1 auto;
}

.c0:active {
  -webkit-transition-duration: 0s;
  transition-duration: 0s;
  background-color: hsl(0,0%,92.5%);
  border-color: hsl(0,0%,87%);
  border-top-color: hsl(0,0%,95.3%);
  border-bottom-color: hsl(0,0%,75.8%);
  color: hsl(0,0%,0%);
}

.c0:hover {
  background-color: hsl(0,0%,98.5%);
  border-color: hsl(0,0%,92.6%);
  border-top-color: hsl(0,0%,100%);
  border-bottom-color: hsl(0,0%,80.8%);
  color: hsl(0,0%,0%);
}

.c0:focus {
  z-index: 1;
}

.c0[disabled],
.c0[disabled]:hover,
.c0[disabled]:focus,
.c0[disabled]:active {
  cursor: default;
  opacity: 0.8;
  background-color: hsl(0,0%,94%);
  border-color: hsl(0,0%,94%);
  color: hsl(0,0%,0%);
}

.c0 > svg {
  width: 24px;
  height: 24px;
}

.c0 > :not(:first-child) {
  margin-left: 4px;
  -webkit-flex-basis: auto;
  -ms-flex-basis: auto;
  flex-basis: auto;
}

<button
  class="c0"
  title="xs"
>
  <span>
    xs
  </span>
</button>
`;

exports[`Button Snapshots matches size snapshots 3`] = `
.c0 {
  box-sizing: border-box;
  -webkit-user-select: none;
  -moz-user-select: none;
  -ms-user-select: none;
  user-select: none;
  font-weight: 500;
  border-width: 1px;
  line-height: 1.4;
  border-style: solid;
  text-transform: none;
  text-align: center;
  display: -webkit-box;
  display: -webkit-flex;
  display: -ms-flexbox;
  display: flex;
  -webkit-box-pack: center;
  -webkit-justify-content: center;
  -ms-flex-pack: center;
  justify-content: center;
  -webkit-align-items: center;
  -webkit-box-align: center;
  -ms-flex-align: center;
  align-items: center;
  cursor: pointer;
  -webkit-transition: all 0.3s ease;
  transition: all 0.3s ease;
  background-color: rgb(255,255,255);
  border-color: hsl(0,0%,94%);
  border-top-color: hsl(0,0%,100%);
  border-bottom-color: hsl(0,0%,82%);
  color: rgb(0,0,0);
  font-size: 11px;
  border-radius: 3px;
  padding: 1px 4px;
  text-transform: uppercase;
  -webkit-flex-direction: row;
  -ms-flex-direction: row;
  flex-direction: row;
}

.c0:hover {
  -webkit-transition: all 0.1s ease;
  transition: all 0.1s ease;
}

.c0:focus,
.c0:active {
  -webkit-transition: all 0 ease;
  transition: all 0 ease;
}

.c0 > * {
  -webkit-flex: 0 1 auto;
  -ms-flex: 0 1 auto;
  flex: 0 1 auto;
}

.c0:active {
  -webkit-transition-duration: 0s;
  transition-duration: 0s;
  background-color: hsl(0,0%,92.5%);
  border-color: hsl(0,0%,87%);
  border-top-color: hsl(0,0%,95.3%);
  border-bottom-color: hsl(0,0%,75.8%);
  color: hsl(0,0%,0%);
}

.c0:hover {
  background-color: hsl(0,0%,98.5%);
  border-color: hsl(0,0%,92.6%);
  border-top-color: hsl(0,0%,100%);
  border-bottom-color: hsl(0,0%,80.8%);
  color: hsl(0,0%,0%);
}

.c0:focus {
  z-index: 1;
}

.c0[disabled],
.c0[disabled]:hover,
.c0[disabled]:focus,
.c0[disabled]:active {
  cursor: default;
  opacity: 0.8;
  background-color: hsl(0,0%,94%);
  border-color: hsl(0,0%,94%);
  color: hsl(0,0%,0%);
}

.c0 > svg {
  width: 24px;
  height: 24px;
}

.c0 > :not(:first-child) {
  margin-left: 4px;
  -webkit-flex-basis: auto;
  -ms-flex-basis: auto;
  flex-basis: auto;
}

<button
  class="c0"
  title="sm"
>
  <span>
    sm
  </span>
</button>
`;

exports[`Button Snapshots matches size snapshots 4`] = `
.c0 {
  box-sizing: border-box;
  -webkit-user-select: none;
  -moz-user-select: none;
  -ms-user-select: none;
  user-select: none;
  font-weight: 500;
  border-width: 1px;
  line-height: 1.4;
  border-style: solid;
  text-transform: none;
  text-align: center;
  display: -webkit-box;
  display: -webkit-flex;
  display: -ms-flexbox;
  display: flex;
  -webkit-box-pack: center;
  -webkit-justify-content: center;
  -ms-flex-pack: center;
  justify-content: center;
  -webkit-align-items: center;
  -webkit-box-align: center;
  -ms-flex-align: center;
  align-items: center;
  cursor: pointer;
  -webkit-transition: all 0.3s ease;
  transition: all 0.3s ease;
  background-color: rgb(255,255,255);
  border-color: hsl(0,0%,94%);
  border-top-color: hsl(0,0%,100%);
  border-bottom-color: hsl(0,0%,82%);
  color: rgb(0,0,0);
  font-size: 18px;
  border-radius: 3px;
  padding: 2px 4px;
  -webkit-flex-direction: row;
  -ms-flex-direction: row;
  flex-direction: row;
}

.c0:hover {
  -webkit-transition: all 0.1s ease;
  transition: all 0.1s ease;
}

.c0:focus,
.c0:active {
  -webkit-transition: all 0 ease;
  transition: all 0 ease;
}

.c0 > * {
  -webkit-flex: 0 1 auto;
  -ms-flex: 0 1 auto;
  flex: 0 1 auto;
}

.c0:active {
  -webkit-transition-duration: 0s;
  transition-duration: 0s;
  background-color: hsl(0,0%,92.5%);
  border-color: hsl(0,0%,87%);
  border-top-color: hsl(0,0%,95.3%);
  border-bottom-color: hsl(0,0%,75.8%);
  color: hsl(0,0%,0%);
}

.c0:hover {
  background-color: hsl(0,0%,98.5%);
  border-color: hsl(0,0%,92.6%);
  border-top-color: hsl(0,0%,100%);
  border-bottom-color: hsl(0,0%,80.8%);
  color: hsl(0,0%,0%);
}

.c0:focus {
  z-index: 1;
}

.c0[disabled],
.c0[disabled]:hover,
.c0[disabled]:focus,
.c0[disabled]:active {
  cursor: default;
  opacity: 0.8;
  background-color: hsl(0,0%,94%);
  border-color: hsl(0,0%,94%);
  color: hsl(0,0%,0%);
}

.c0 > svg {
  width: 24px;
  height: 24px;
}

.c0 > :not(:first-child) {
  margin-left: 4px;
  -webkit-flex-basis: auto;
  -ms-flex-basis: auto;
  flex-basis: auto;
}

<button
  class="c0"
  title="lg"
>
  <span>
    lg
  </span>
</button>
`;

exports[`Button Snapshots matches size snapshots 5`] = `
.c0 {
  box-sizing: border-box;
  -webkit-user-select: none;
  -moz-user-select: none;
  -ms-user-select: none;
  user-select: none;
  font-weight: 500;
  border-width: 1px;
  line-height: 1.4;
  border-style: solid;
  text-transform: none;
  text-align: center;
  display: -webkit-box;
  display: -webkit-flex;
  display: -ms-flexbox;
  display: flex;
  -webkit-box-pack: center;
  -webkit-justify-content: center;
  -ms-flex-pack: center;
  justify-content: center;
  -webkit-align-items: center;
  -webkit-box-align: center;
  -ms-flex-align: center;
  align-items: center;
  cursor: pointer;
  -webkit-transition: all 0.3s ease;
  transition: all 0.3s ease;
  background-color: rgb(255,255,255);
  border-color: hsl(0,0%,94%);
  border-top-color: hsl(0,0%,100%);
  border-bottom-color: hsl(0,0%,82%);
  color: rgb(0,0,0);
  font-size: 21px;
  border-radius: 3px;
  padding: 2px 4px;
  -webkit-flex-direction: row;
  -ms-flex-direction: row;
  flex-direction: row;
}

.c0:hover {
  -webkit-transition: all 0.1s ease;
  transition: all 0.1s ease;
}

.c0:focus,
.c0:active {
  -webkit-transition: all 0 ease;
  transition: all 0 ease;
}

.c0 > * {
  -webkit-flex: 0 1 auto;
  -ms-flex: 0 1 auto;
  flex: 0 1 auto;
}

.c0:active {
  -webkit-transition-duration: 0s;
  transition-duration: 0s;
  background-color: hsl(0,0%,92.5%);
  border-color: hsl(0,0%,87%);
  border-top-color: hsl(0,0%,95.3%);
  border-bottom-color: hsl(0,0%,75.8%);
  color: hsl(0,0%,0%);
}

.c0:hover {
  background-color: hsl(0,0%,98.5%);
  border-color: hsl(0,0%,92.6%);
  border-top-color: hsl(0,0%,100%);
  border-bottom-color: hsl(0,0%,80.8%);
  color: hsl(0,0%,0%);
}

.c0:focus {
  z-index: 1;
}

.c0[disabled],
.c0[disabled]:hover,
.c0[disabled]:focus,
.c0[disabled]:active {
  cursor: default;
  opacity: 0.8;
  background-color: hsl(0,0%,94%);
  border-color: hsl(0,0%,94%);
  color: hsl(0,0%,0%);
}

.c0 > svg {
  width: 24px;
  height: 24px;
}

.c0 > :not(:first-child) {
  margin-left: 4px;
  -webkit-flex-basis: auto;
  -ms-flex-basis: auto;
  flex-basis: auto;
}

<button
  class="c0"
  title="xl"
>
  <span>
    xl
  </span>
</button>
`;

exports[`Button Snapshots matches type snapshots 1`] = `
.c0 {
  box-sizing: border-box;
  -webkit-user-select: none;
  -moz-user-select: none;
  -ms-user-select: none;
  user-select: none;
  font-weight: 500;
  border-width: 1px;
  line-height: 1.4;
  border-style: solid;
  text-transform: none;
  text-align: center;
  display: -webkit-box;
  display: -webkit-flex;
  display: -ms-flexbox;
  display: flex;
  -webkit-box-pack: center;
  -webkit-justify-content: center;
  -ms-flex-pack: center;
  justify-content: center;
  -webkit-align-items: center;
  -webkit-box-align: center;
  -ms-flex-align: center;
  align-items: center;
  cursor: pointer;
  -webkit-transition: all 0.3s ease;
  transition: all 0.3s ease;
  background-color: rgb(235,0,26);
  border-color: rgb(228,0,19);
  border-top-color: rgb(238,4,30);
  border-bottom-color: rgb(210,0,8);
  color: rgb(255,255,255);
  font-size: 14px;
  border-radius: 3px;
  padding: 1.4px 4px;
  -webkit-flex-direction: row;
  -ms-flex-direction: row;
  flex-direction: row;
}

.c0:hover {
  -webkit-transition: all 0.1s ease;
  transition: all 0.1s ease;
}

.c0:focus,
.c0:active {
  -webkit-transition: all 0 ease;
  transition: all 0 ease;
}

.c0 > * {
  -webkit-flex: 0 1 auto;
  -ms-flex: 0 1 auto;
  flex: 0 1 auto;
}

.c0:active {
  -webkit-transition-duration: 0s;
  transition-duration: 0s;
  background-color: rgb(226,0,18);
  border-color: rgb(218,0,11);
  border-top-color: rgb(229,4,21);
  border-bottom-color: rgb(202,0,1);
  color: hsl(0,0%,92.5%);
}

.c0:hover {
  background-color: rgb(233,0,24);
  border-color: rgb(226,0,18);
  border-top-color: rgb(237,4,28);
  border-bottom-color: rgb(208,0,6);
  color: hsl(0,0%,98.5%);
}

.c0:focus {
  z-index: 1;
}

.c0[disabled],
.c0[disabled]:hover,
.c0[disabled]:focus,
.c0[disabled]:active {
  cursor: default;
  opacity: 0.8;
  background-color: hsl(353.4,0%,43.3%);
  border-color: hsl(353.4,0%,43.3%);
  color: hsl(0,0%,94%);
}

.c0 > svg {
  width: 24px;
  height: 24px;
}

.c0 > :not(:first-child) {
  margin-left: 4px;
  -webkit-flex-basis: auto;
  -ms-flex-basis: auto;
  flex-basis: auto;
}

<button
  class="c0"
  title="danger"
  type="danger"
>
  <span>
    danger
  </span>
</button>
`;

exports[`Button Snapshots matches type snapshots 2`] = `
.c0 {
  box-sizing: border-box;
  -webkit-user-select: none;
  -moz-user-select: none;
  -ms-user-select: none;
  user-select: none;
  font-weight: 500;
  border-width: 1px;
  line-height: 1.4;
  border-style: solid;
  text-transform: none;
  text-align: center;
  display: -webkit-box;
  display: -webkit-flex;
  display: -ms-flexbox;
  display: flex;
  -webkit-box-pack: center;
  -webkit-justify-content: center;
  -ms-flex-pack: center;
  justify-content: center;
  -webkit-align-items: center;
  -webkit-box-align: center;
  -ms-flex-align: center;
  align-items: center;
  cursor: pointer;
  -webkit-transition: all 0.3s ease;
  transition: all 0.3s ease;
  background-color: rgb(9,77,255);
  border-color: rgb(0,65,255);
  border-top-color: rgb(21,84,251);
  border-bottom-color: rgb(0,51,236);
  color: rgb(255,255,255);
  font-size: 14px;
  border-radius: 3px;
  padding: 1.4px 4px;
  -webkit-flex-direction: row;
  -ms-flex-direction: row;
  flex-direction: row;
}

.c0:hover {
  -webkit-transition: all 0.1s ease;
  transition: all 0.1s ease;
}

.c0:focus,
.c0:active {
  -webkit-transition: all 0 ease;
  transition: all 0 ease;
}

.c0 > * {
  -webkit-flex: 0 1 auto;
  -ms-flex: 0 1 auto;
  flex: 0 1 auto;
}

.c0:active {
  -webkit-transition-duration: 0s;
  transition-duration: 0s;
  background-color: rgb(0,63,253);
  border-color: rgb(0,56,245);
  border-top-color: rgb(10,70,251);
  border-bottom-color: rgb(0,43,227);
  color: hsl(0,0%,92.5%);
}

.c0:hover {
  background-color: rgb(3,73,255);
  border-color: rgb(0,64,250);
  border-top-color: rgb(15,81,251);
  border-bottom-color: rgb(0,51,231);
  color: hsl(0,0%,98.5%);
}

.c0:focus {
  z-index: 1;
}

.c0[disabled],
.c0[disabled]:hover,
.c0[disabled]:focus,
.c0[disabled]:active {
  cursor: default;
  opacity: 0.8;
  background-color: hsl(223.39999999999998,0%,48.7%);
  border-color: hsl(223.39999999999998,0%,48.7%);
  color: hsl(0,0%,94%);
}

.c0 > svg {
  width: 24px;
  height: 24px;
}

.c0 > :not(:first-child) {
  margin-left: 4px;
  -webkit-flex-basis: auto;
  -ms-flex-basis: auto;
  flex-basis: auto;
}

<button
  class="c0"
  title="info"
  type="info"
>
  <span>
    info
  </span>
</button>
`;

exports[`Button Snapshots matches type snapshots 3`] = `
.c0 {
  box-sizing: border-box;
  -webkit-user-select: none;
  -moz-user-select: none;
  -ms-user-select: none;
  user-select: none;
  font-weight: 500;
  border-width: 1px;
  line-height: 1.4;
  border-style: solid;
  text-transform: none;
  text-align: center;
  display: -webkit-box;
  display: -webkit-flex;
  display: -ms-flexbox;
  display: flex;
  -webkit-box-pack: center;
  -webkit-justify-content: center;
  -ms-flex-pack: center;
  justify-content: center;
  -webkit-align-items: center;
  -webkit-box-align: center;
  -ms-flex-align: center;
  align-items: center;
  cursor: pointer;
  -webkit-transition: all 0.3s ease;
  transition: all 0.3s ease;
  background-color: rgb(10,171,42);
  border-color: rgb(5,165,37);
  border-top-color: rgb(13,174,45);
  border-bottom-color: rgb(0,152,27);
  color: rgb(255,255,255);
  font-size: 14px;
  border-radius: 3px;
  padding: 1.4px 4px;
  -webkit-flex-direction: row;
  -ms-flex-direction: row;
  flex-direction: row;
}

.c0:hover {
  -webkit-transition: all 0.1s ease;
  transition: all 0.1s ease;
}

.c0:focus,
.c0:active {
  -webkit-transition: all 0 ease;
  transition: all 0 ease;
}

.c0 > * {
  -webkit-flex: 0 1 auto;
  -ms-flex: 0 1 auto;
  flex: 0 1 auto;
}

.c0:active {
  -webkit-transition-duration: 0s;
  transition-duration: 0s;
  background-color: rgb(4,164,36);
  border-color: rgb(0,158,31);
  border-top-color: rgb(6,166,38);
  border-bottom-color: rgb(0,146,22);
  color: hsl(0,0%,92.5%);
}

.c0:hover {
  background-color: rgb(9,170,41);
  border-color: rgb(4,164,36);
  border-top-color: rgb(11,172,43);
  border-bottom-color: rgb(0,151,26);
  color: hsl(0,0%,98.5%);
}

.c0:focus {
  z-index: 1;
}

.c0[disabled],
.c0[disabled]:hover,
.c0[disabled]:focus,
.c0[disabled]:active {
  cursor: default;
  opacity: 0.8;
  background-color: hsl(131.89999999999998,0%,33.4%);
  border-color: hsl(131.89999999999998,0%,33.4%);
  color: hsl(0,0%,94%);
}

.c0 > svg {
  width: 24px;
  height: 24px;
}

.c0 > :not(:first-child) {
  margin-left: 4px;
  -webkit-flex-basis: auto;
  -ms-flex-basis: auto;
  flex-basis: auto;
}

<button
  class="c0"
  title="primary"
  type="primary"
>
  <span>
    primary
  </span>
</button>
`;

exports[`Button Snapshots matches type snapshots 4`] = `
.c0 {
  box-sizing: border-box;
  -webkit-user-select: none;
  -moz-user-select: none;
  -ms-user-select: none;
  user-select: none;
  font-weight: 500;
  border-width: 1px;
  line-height: 1.4;
  border-style: solid;
  text-transform: none;
  text-align: center;
  display: -webkit-box;
  display: -webkit-flex;
  display: -ms-flexbox;
  display: flex;
  -webkit-box-pack: center;
  -webkit-justify-content: center;
  -ms-flex-pack: center;
  justify-content: center;
  -webkit-align-items: center;
  -webkit-box-align: center;
  -ms-flex-align: center;
  align-items: center;
  cursor: pointer;
  -webkit-transition: all 0.3s ease;
  transition: all 0.3s ease;
  background-color: rgb(248,180,0);
  border-color: rgb(240,172,0);
  border-top-color: rgb(251,184,4);
  border-bottom-color: rgb(222,156,0);
  color: rgb(255,255,255);
  font-size: 14px;
  border-radius: 3px;
  padding: 1.4px 4px;
  -webkit-flex-direction: row;
  -ms-flex-direction: row;
  flex-direction: row;
}

.c0:hover {
  -webkit-transition: all 0.1s ease;
  transition: all 0.1s ease;
}

.c0:focus,
.c0:active {
  -webkit-transition: all 0 ease;
  transition: all 0 ease;
}

.c0 > * {
  -webkit-flex: 0 1 auto;
  -ms-flex: 0 1 auto;
  flex: 0 1 auto;
}

.c0:active {
  -webkit-transition-duration: 0s;
  transition-duration: 0s;
  background-color: rgb(238,170,0);
  border-color: rgb(230,163,0);
  border-top-color: rgb(242,174,4);
  border-bottom-color: rgb(213,147,0);
  color: hsl(0,0%,92.5%);
}

.c0:hover {
  background-color: rgb(246,178,0);
  border-color: rgb(238,171,0);
  border-top-color: rgb(250,182,4);
  border-bottom-color: rgb(220,154,0);
  color: hsl(0,0%,98.5%);
}

.c0:focus {
  z-index: 1;
}

.c0[disabled],
.c0[disabled]:hover,
.c0[disabled]:focus,
.c0[disabled]:active {
  cursor: default;
  opacity: 0.8;
  background-color: hsl(43.5,0%,45.7%);
  border-color: hsl(43.5,0%,45.7%);
  color: hsl(0,0%,94%);
}

.c0 > svg {
  width: 24px;
  height: 24px;
}

.c0 > :not(:first-child) {
  margin-left: 4px;
  -webkit-flex-basis: auto;
  -ms-flex-basis: auto;
  flex-basis: auto;
}

<button
  class="c0"
  title="warning"
  type="warning"
>
  <span>
    warning
  </span>
</button>
`;

exports[`Button Snapshots matches type snapshots 5`] = `
.c0 {
  box-sizing: border-box;
  -webkit-user-select: none;
  -moz-user-select: none;
  -ms-user-select: none;
  user-select: none;
  font-weight: 500;
  border-width: 1px;
  line-height: 1.4;
  border-style: solid;
  text-transform: none;
  text-align: center;
  display: -webkit-box;
  display: -webkit-flex;
  display: -ms-flexbox;
  display: flex;
  -webkit-box-pack: center;
  -webkit-justify-content: center;
  -ms-flex-pack: center;
  justify-content: center;
  -webkit-align-items: center;
  -webkit-box-align: center;
  -ms-flex-align: center;
  align-items: center;
  cursor: pointer;
  -webkit-transition: all 0.3s ease;
  transition: all 0.3s ease;
  background-color: rgb(255,255,255);
  border-color: hsl(0,0%,94%);
  border-top-color: hsl(0,0%,100%);
  border-bottom-color: hsl(0,0%,82%);
  color: rgb(0,0,0);
  font-size: 14px;
  border-radius: 3px;
  padding: 1.4px 4px;
  -webkit-flex-direction: row;
  -ms-flex-direction: row;
  flex-direction: row;
}

.c0:hover {
  -webkit-transition: all 0.1s ease;
  transition: all 0.1s ease;
}

.c0:focus,
.c0:active {
  -webkit-transition: all 0 ease;
  transition: all 0 ease;
}

.c0 > * {
  -webkit-flex: 0 1 auto;
  -ms-flex: 0 1 auto;
  flex: 0 1 auto;
}

.c0:active {
  -webkit-transition-duration: 0s;
  transition-duration: 0s;
  background-color: hsl(0,0%,92.5%);
  border-color: hsl(0,0%,87%);
  border-top-color: hsl(0,0%,95.3%);
  border-bottom-color: hsl(0,0%,75.8%);
  color: hsl(0,0%,0%);
}

.c0:hover {
  background-color: hsl(0,0%,98.5%);
  border-color: hsl(0,0%,92.6%);
  border-top-color: hsl(0,0%,100%);
  border-bottom-color: hsl(0,0%,80.8%);
  color: hsl(0,0%,0%);
}

.c0:focus {
  z-index: 1;
}

.c0[disabled],
.c0[disabled]:hover,
.c0[disabled]:focus,
.c0[disabled]:active {
  cursor: default;
  opacity: 0.8;
  background-color: hsl(0,0%,94%);
  border-color: hsl(0,0%,94%);
  color: hsl(0,0%,0%);
}

.c0 > svg {
  width: 24px;
  height: 24px;
}

.c0 > :not(:first-child) {
  margin-left: 4px;
  -webkit-flex-basis: auto;
  -ms-flex-basis: auto;
  flex-basis: auto;
}

<button
  class="c0"
  title="polling"
  type="polling"
>
  <span>
    polling
  </span>
</button>
`;
