// Jest Snapshot v1, https://goo.gl/fbAQLP

exports[`ReadoutItemIconStyle matches snapshot 1`] = `
.c0 {
  display: inline;
}

<div
  className="c0"
/>
`;
