// Jest Snapshot v1, https://goo.gl/fbAQLP

exports[`StyledModal matches snapshot 1`] = `
.c0 {
  -webkit-backdrop-filter: blur(10px);
  backdrop-filter: blur(10px);
  background-color: rgba(0,0,0,0.85);
  border-radius: 3px;
  color: rgb(242,242,242);
  display: -webkit-box;
  display: -webkit-flex;
  display: -ms-flexbox;
  display: flex;
  -webkit-flex-direction: column;
  -ms-flex-direction: column;
  flex-direction: column;
  height: 400px;
  left: 50%;
  margin-top: -200px;
  opacity: 0;
  padding: 24px;
  position: absolute;
  top: 50vh;
  -webkit-transform: translateX(-50%) translateY(50px) scale(0.98);
  -ms-transform: translateX(-50%) translateY(50px) scale(0.98);
  transform: translateX(-50%) translateY(50px) scale(0.98);
  -webkit-transition: all 0.2s ease;
  transition: all 0.2s ease;
  width: 500px;
}

.c0 > [class*="Content"] > * {
  position: relative;
  top: 0.5em;
  -webkit-transition: all 0.4s cubic-bezier(0.1,0.5,0.2,1.3);
  transition: all 0.4s cubic-bezier(0.1,0.5,0.2,1.3);
  -webkit-transition: all 0.4s ease;
  transition: all 0.4s ease;
}

[class*="after-close"] > .c0 {
  opacity: 0;
  -webkit-transform: translateX(-50%) translateY(0) scale(0.5);
  -ms-transform: translateX(-50%) translateY(0) scale(0.5);
  transform: translateX(-50%) translateY(0) scale(0.5);
}

[class*="after-close"] > .c0 > [class*="Content"] > * {
  top: 1em;
}

[class*="after-open"] > .c0 {
  opacity: 1;
  -webkit-transform: translateX(-50%) translateY(0) scale(1);
  -ms-transform: translateX(-50%) translateY(0) scale(1);
  transform: translateX(-50%) translateY(0) scale(1);
}

[class*="after-open"] > .c0:focus {
  outline: 0;
}

[class*="after-open"] > .c0 > [class*="Content"] > * {
  top: 0;
}

<Modal
  ariaHideApp={true}
  bodyOpenClassName="ReactModal__Body--open"
  className="c0"
  closeTimeoutMS={0}
  isOpen={false}
  parentSelector={[Function]}
  portalClassName="ReactModalPortal"
  shouldCloseOnEsc={true}
  shouldCloseOnOverlayClick={true}
  shouldFocusAfterRender={true}
  shouldReturnFocusAfterClose={true}
/>
`;
