// Jest Snapshot v1, https://goo.gl/fbAQLP

exports[`ButtonLabelPrefix matches snapshot 1`] = `
.c0 {
  opacity: 0.5;
  margin-right: 8px;
}

<span
  className="c0"
/>
`;
