// Jest Snapshot v1, https://goo.gl/fbAQLP

exports[`GMSearchInput matches snapshot 1`] = `
.c0 {
  background-image: url(magnifier.svg);
  background-repeat: no-repeat;
  background-size: contain;
  position: relative;
  text-indent: 20px;
  -webkit-appearance: none;
  -moz-appearance: none;
  appearance: none;
  border: 1px solid rgba(0,0,0,0.25);
  border-radius: 3px;
  text-align: left;
  background-color: model:rgb;
  color: 255,255,255;
  valpha: 1;
  font-size: 14px;
  font-weight: 400;
  line-height: 1.1;
  width: 22em;
  -webkit-flex: 1 1 22em;
  -ms-flex: 1 1 22em;
  flex: 1 1 22em;
  padding: 6px 8px;
}

.c0::-webkit-search-cancel-button {
  cursor: pointer;
}

.c0::-webkit-input-placeholder {
  color: inherit;
  opacity: 1;
}

.c0::-moz-placeholder {
  color: inherit;
  opacity: 1;
}

.c0:-ms-input-placeholder {
  color: inherit;
  opacity: 1;
}

.c0::placeholder {
  color: inherit;
  opacity: 1;
}

<input
  className="c0"
  type="search"
/>
`;
