// Jest Snapshot v1, https://goo.gl/fbAQLP

exports[`TableRow matches snapshot 1`] = `
.c0 {
  -webkit-align-items: center;
  -webkit-box-align: center;
  -ms-flex-align: center;
  align-items: center;
  display: -webkit-box;
  display: -webkit-flex;
  display: -ms-flexbox;
  display: flex;
  -webkit-flex-wrap: wrap;
  -ms-flex-wrap: wrap;
  flex-wrap: wrap;
  min-height: 36px;
  -webkit-flex: 0 0 100%;
  -ms-flex: 0 0 100%;
  flex: 0 0 100%;
  cursor: default;
  -webkit-transition: all 0.2s ease;
  transition: all 0.2s ease;
  background-color: rgb(255,255,255);
  margin: 8px 0 0;
  border-radius: 3px;
  box-shadow: 0 0 0 1px hsl(0,0%,92%);
}

.c0:focus {
  outline: -webkit-focus-ring-color auto 5px;
}

.c0:focus:active:hover {
  outline: 0;
}

.c0 > * {
  padding-right: 16px;
  padding-top: 7px;
  padding-bottom: 7px;
  overflow: hidden;
  text-overflow: ellipsis;
  white-space: nowrap;
}

.c0 > *:first-child {
  padding-left: 16px;
}

<li
  className="c0"
  tabIndex={0}
/>
`;
