// Jest Snapshot v1, https://goo.gl/fbAQLP

exports[`VizFill matches snapshot 1`] = `
.c0 {
  background-color: currentColor;
  border-radius: inherit;
  bottom: 0;
  color: rgb(10,171,42);
  left: 0;
  min-width: 2px;
  position: absolute;
  top: 0;
  width: 0%;
}

<div
  className="c0"
/>
`;
