// Jest Snapshot v1, https://goo.gl/fbAQLP

exports[`BackgroundSquircle matches snapshot 1`] = `
<g
  className="iconBackground"
  fill="transparent"
  fillOpacity="1"
  fillRule="evenodd"
  id="Squircle"
>
  <path
    d="M4,2 L22,2 C23.6568542,2 25,3.34314575 25,5 L25,23 C25,24.6568542 23.6568542,26 22,26 L4,26 C2.34314575,26 1,24.6568542 1,23 L1,5 C1,3.34314575 2.34314575,2 4,2 Z"
    id="Rectangle-8"
  />
</g>
`;
