// Jest Snapshot v1, https://goo.gl/fbAQLP

exports[`BackgroundCircleSmall matches snapshot 1`] = `
<g
  className="iconBackground"
  fill="currentColor"
  fillOpacity="1"
  fillRule="evenodd"
  id="Square"
>
  <path
    d="M12,21 C7.02943725,21 3,16.9705627 3,12 C3,7.02943725 7.02943725,3 12,3 C16.9705627,3 21,7.02943725 21,12 C21,16.9705627 16.9705627,21 12,21 Z"
    id="BackgroundCircleSmall"
  />
</g>
`;
