// Jest Snapshot v1, https://goo.gl/fbAQLP

exports[`DataSparkline matches snapshot 1`] = `
.c0 {
  text-align: left;
  display: inline-block;
  width: 6em;
  padding-left: 0.5em;
  height: 1em;
}

<div
  className="c0"
/>
`;
