// Jest Snapshot v1, https://goo.gl/fbAQLP

exports[`TabDetails matches snapshot 1`] = `
.c0 {
  margin: 0 4px 4px 32px;
  line-height: 1.2;
  color: rgb(255,255,255);
}

<dl
  className="c0"
/>
`;
