// Jest Snapshot v1, https://goo.gl/fbAQLP

exports[`InspectorWrap matches snapshot 1`] = `
.c0 {
  border-radius: 3px;
  bottom: 0;
  display: -webkit-box;
  display: -webkit-flex;
  display: -ms-flexbox;
  display: flex;
  -webkit-flex-direction: column;
  -ms-flex-direction: column;
  flex-direction: column;
  height: 100%;
  left: 0;
  line-height: 1.2;
  position: absolute;
  right: 0;
  top: 0;
}

<div
  className="c0"
/>
`;
