// Jest Snapshot v1, https://goo.gl/fbAQLP

exports[`ButtonWrap should match snapshot 1`] = `
.c0 {
  box-sizing: border-box;
  -webkit-user-select: none;
  -moz-user-select: none;
  -ms-user-select: none;
  user-select: none;
  font-family: Nunito,-apple-system,BlinkMacSystemFont,"Segoe UI","Roboto","Oxygen","Ubuntu","Cantarell","Fira Sans","Droid Sans","Helvetica Neue",sans-serif;
  font-weight: 600;
  border-width: 1px;
  line-height: 1.4;
  border-style: solid;
  text-transform: none;
  text-align: center;
  display: -webkit-box;
  display: -webkit-flex;
  display: -ms-flexbox;
  display: flex;
  -webkit-box-pack: center;
  -webkit-justify-content: center;
  -ms-flex-pack: center;
  justify-content: center;
  -webkit-align-items: center;
  -webkit-box-align: center;
  -ms-flex-align: center;
  align-items: center;
  cursor: pointer;
  -webkit-transition: all 0.3s ease;
  transition: all 0.3s ease;
  background-color: rgb(255,255,255);
  border-color: hsl(0,0%,94%);
  border-top-color: hsl(0,0%,100%);
  border-bottom-color: hsl(0,0%,82%);
  color: rgb(0,0,0);
  font-size: 14px;
  border-radius: 3px;
  padding: 1.4px 4px;
  -webkit-flex-direction: row;
  -ms-flex-direction: row;
  flex-direction: row;
}

.c0:hover {
  -webkit-transition: all 0.1s ease;
  transition: all 0.1s ease;
}

.c0:focus,
.c0:active {
  -webkit-transition: all 0 ease;
  transition: all 0 ease;
}

.c0 > * {
  -webkit-flex: 0 1 auto;
  -ms-flex: 0 1 auto;
  flex: 0 1 auto;
}

.c0:active {
  -webkit-transition-duration: 0s;
  transition-duration: 0s;
  background-color: hsl(0,0%,92.5%);
  border-color: hsl(0,0%,87%);
  border-top-color: hsl(0,0%,95.3%);
  border-bottom-color: hsl(0,0%,75.8%);
  color: hsl(0,0%,0%);
}

.c0:hover {
  background-color: hsl(0,0%,98.5%);
  border-color: hsl(0,0%,92.6%);
  border-top-color: hsl(0,0%,100%);
  border-bottom-color: hsl(0,0%,80.8%);
  color: hsl(0,0%,0%);
}

.c0:focus {
  outline: none;
  box-shadow: 0 0 0 2px #0aab2a;
  z-index: 1;
}

.c0[disabled],
.c0[disabled]:hover,
.c0[disabled]:focus,
.c0[disabled]:active {
  cursor: default;
  opacity: 0.8;
  background-color: hsl(0,0%,94%);
  border-color: hsl(0,0%,94%);
  color: hsl(0,0%,0%);
}

.c0 > svg {
  width: 24px;
  height: 24px;
}

.c0 > :not(:first-child) {
  margin-left: 4px;
  -webkit-flex-basis: auto;
  -ms-flex-basis: auto;
  flex-basis: auto;
}

<button
  className="c0"
/>
`;
