// Jest Snapshot v1, https://goo.gl/fbAQLP

exports[`FabricHeaderContent matches snapshot 1`] = `null`;
