// Jest Snapshot v1, https://goo.gl/fbAQLP

exports[`ItemDisplay matches snapshot 1`] = `
.c0 {
  position: relative;
  padding: 8px;
}

.c0 button {
  -webkit-align-self: center;
  -ms-flex-item-align: center;
  align-self: center;
  margin: 8px 0;
}

<div
  className="c0"
/>
`;
