// Jest Snapshot v1, https://goo.gl/fbAQLP

exports[`LayoutSectionWrap matches snapshot 1`] = `
.c0 {
  -webkit-align-items: stretch;
  -webkit-box-align: stretch;
  -ms-flex-align: stretch;
  align-items: stretch;
  color: rgb(32,32,32);
  display: -webkit-box;
  display: -webkit-flex;
  display: -ms-flexbox;
  display: flex;
  -webkit-flex: 0 0 auto;
  -ms-flex: 0 0 auto;
  flex: 0 0 auto;
  -webkit-flex-direction: column;
  -ms-flex-direction: column;
  flex-direction: column;
  padding: 8px;
}

.c0:not(:first-of-type) {
  margin-top: 32px;
}

<section
  className="c0"
/>
`;
