// Jest Snapshot v1, https://goo.gl/fbAQLP

exports[`Footer should render 1`] = `
.c0 {
  -webkit-user-select: none;
  -moz-user-select: none;
  -ms-user-select: none;
  user-select: none;
  overflow: hidden;
  padding: 4px;
  display: -webkit-box;
  display: -webkit-flex;
  display: -ms-flexbox;
  display: flex;
  -webkit-flex-flow: row wrap;
  -ms-flex-flow: row wrap;
  flex-flow: row wrap;
  color: rgb(51,51,51);
  background-image: linear-gradient( to bottom, rgba(255,255,255,0), rgb(255,255,255) );
  font-size: 14px;
  height: auto;
  -webkit-align-items: stretch;
  -webkit-box-align: stretch;
  -ms-flex-align: stretch;
  align-items: stretch;
  -webkit-box-pack: stretch;
  -webkit-justify-content: stretch;
  -ms-flex-pack: stretch;
  justify-content: stretch;
}

@media all and (min-width:800px) {
  .c0 {
    height: 32px;
    -webkit-flex-wrap: no-wrap;
    -ms-flex-wrap: no-wrap;
    flex-wrap: no-wrap;
    -webkit-align-items: center;
    -webkit-box-align: center;
    -ms-flex-align: center;
    align-items: center;
    -webkit-box-pack: start;
    -webkit-justify-content: flex-start;
    -ms-flex-pack: start;
    justify-content: flex-start;
    position: fixed;
    bottom: 0;
    left: 0;
    right: 0;
    z-index: 1010;
  }

  .c0 + * {
    padding-bottom: 32px;
  }
}

<footer
  className="c0"
/>
`;
