// Jest Snapshot v1, https://goo.gl/fbAQLP

exports[`PollingSliderContainer matches snapshot 1`] = `
.c0 {
  -webkit-align-items: center;
  -webkit-box-align: center;
  -ms-flex-align: center;
  align-items: center;
  border: 1px solid rgb(230,230,230);
  border-radius: 3px;
  display: -webkit-box;
  display: -webkit-flex;
  display: -ms-flexbox;
  display: flex;
  -webkit-flex: 0 1 50%;
  -ms-flex: 0 1 50%;
  flex: 0 1 50%;
  -webkit-flex-direction: column;
  -ms-flex-direction: column;
  flex-direction: column;
  -webkit-box-pack: center;
  -webkit-justify-content: center;
  -ms-flex-pack: center;
  justify-content: center;
  margin-left: 16px;
  padding: 32px;
  position: relative;
}

.c0 .input-range__label.input-range__label--value {
  color: rgb(10,171,42);
  font-size: 28px;
  font-weight: 400;
  line-height: 0;
  margin-left: -50%;
  -webkit-transform: translateX(-50%) translateY(4px);
  -ms-transform: translateX(-50%) translateY(4px);
  transform: translateX(-50%) translateY(4px);
  text-align: center;
  will-change: transform;
}

.c0 .input-range__label.input-range__label--value .input-range__label-container {
  position: static;
}

.c0 .label {
  bottom: 10px;
  font-size: 14px;
  left: 0px;
  position: absolute;
  text-align: center;
  width: 100%;
}

.c0 .input-range__slider-container {
  -webkit-transition: left 0;
  transition: left 0;
  will-change: transform;
}

.c0 .input-range__slider {
  background: rgb(10,171,42);
  border: none;
  border-radius: 0;
  -webkit-transition: -webkit-transform 0.3s ease;
  -webkit-transition: transform 0.3s ease;
  transition: transform 0.3s ease;
}

.c0 .input-range__slider:hover,
.c0 .input-range__slider:focus,
.c0 .input-range__slider:active {
  -webkit-transform: scale(1.1);
  -ms-transform: scale(1.1);
  transform: scale(1.1);
}

.c0 .input-range__slider:before {
  border-left: 7px solid transparent;
  border-right: 7px solid transparent;
  border-top: 7px solid rgb(10,171,42);
  color: rgb(10,171,42);
  content: "";
  height: 0;
  position: absolute;
  top: 100%;
  width: 0;
}

.c0 .input-range__track {
  background-color: rgb(230,230,230);
  border-radius: 20px;
}

<div
  className="c0"
/>
`;
